낱말 170개 조회 시작...
  [error] 나무 - This operation was aborted
  [error] 꽃 - This operation was aborted
  [error] 풀 - This operation was aborted
  [error] 하늘 - This operation was aborted
  [error] 구름 - This operation was aborted
  [error] 바람 - This operation was aborted
  [error] 비 - This operation was aborted
  [error] 눈 - This operation was aborted
  [error] 해 - This operation was aborted
  [error] 달 - This operation was aborted
  [error] 별 - This operation was aborted
  [error] 산 - This operation was aborted
  [error] 바다 - This operation was aborted
  [error] 강 - This operation was aborted
  [error] 호수 - This operation was aborted
  [error] 돌 - This operation was aborted
  [error] 모래 - This operation was aborted
  [error] 불 - This operation was aborted
  [error] 물 - This operation was aborted
  [error] 땅 - This operation was aborted
  [error] 무지개 - This operation was aborted
  [error] 강아지 - This operation was aborted
  [error] 고양이 - This operation was aborted
  [error] 토끼 - This operation was aborted
  [error] 호랑이 - This operation was aborted
